trigger=20% host CPUs=6; loadavg=21.2 12.2 7.7; started issue-2801-e2e-22255; NanoCpus=0
[VERBOSE] docker-cpu-penalty: issue-2801-e2e-22255 phase=observing observed=2.132 cores average=n/a threshold=1.2 capacity=6 -> observation-window-not-reached
2026-10-08T18:15:10.747Z busy phase=observing NanoCpus=0 observation-window-not-reached
[VERBOSE] docker-cpu-penalty: issue-2801-e2e-22255 phase=observing observed=1.873 cores average=n/a threshold=1.2 capacity=6 -> observation-window-not-reached
2026-10-08T18:15:15.009Z busy phase=observing NanoCpus=0 observation-window-not-reached
[VERBOSE] docker-cpu-penalty: issue-2801-e2e-22255 phase=observing observed=1.687 cores average=n/a threshold=1.2 capacity=6 -> observation-window-not-reached
2026-10-08T18:15:19.463Z busy phase=observing NanoCpus=0 observation-window-not-reached
[VERBOSE] docker-cpu-penalty: issue-2801-e2e-22255 phase=observing observed=1.659 cores average=n/a threshold=1.2 capacity=6 -> observation-window-not-reached
2026-10-08T18:15:23.745Z busy phase=observing NanoCpus=0 observation-window-not-reached
[VERBOSE] docker-cpu-penalty: issue-2801-e2e-22255 phase=observing observed=1.939 cores average=n/a threshold=1.2 capacity=6 -> observation-window-not-reached
2026-10-08T18:15:28.022Z busy phase=observing NanoCpus=0 observation-window-not-reached
[VERBOSE] docker-cpu-penalty: issue-2801-e2e-22255 phase=observing observed=1.811 cores average=1.794 threshold=1.2 capacity=6 -> apply --cpus 2
[docker-cpu-penalty] Session issue-2801-e2e-22255 averaged 1.79 of 6 CPUs for 0.3333333333333333 min; capped to 2 CPUs
2026-10-08T18:15:32.565Z busy phase=penalized NanoCpus=2000000000 ACTION apply 2
--- penalized; making the container idle
[VERBOSE] docker-cpu-penalty: issue-2801-e2e-22255 phase=penalized observed=0 cores average=n/a threshold=1.3 capacity=6 -> penalty-minimum-not-reached
2026-10-08T18:15:37.420Z idle phase=penalized NanoCpus=2000000000 penalty-minimum-not-reached
[VERBOSE] docker-cpu-penalty: issue-2801-e2e-22255 phase=penalized observed=0 cores average=n/a threshold=1.3 capacity=6 -> penalty-minimum-not-reached
2026-10-08T18:15:41.624Z idle phase=penalized NanoCpus=2000000000 penalty-minimum-not-reached
[VERBOSE] docker-cpu-penalty: issue-2801-e2e-22255 phase=penalized observed=0 cores average=n/a threshold=1.3 capacity=6 -> penalty-minimum-not-reached
2026-10-08T18:15:45.799Z idle phase=penalized NanoCpus=2000000000 penalty-minimum-not-reached
[VERBOSE] docker-cpu-penalty: issue-2801-e2e-22255 phase=penalized observed=0 cores average=n/a threshold=1.3 capacity=6 -> penalty-minimum-not-reached
2026-10-08T18:15:50.063Z idle phase=penalized NanoCpus=2000000000 penalty-minimum-not-reached
[VERBOSE] docker-cpu-penalty: issue-2801-e2e-22255 phase=penalized observed=0 cores average=0 threshold=1.3 capacity=6 -> lift --cpus 6
[docker-cpu-penalty] Session issue-2801-e2e-22255 averaged 0 CPUs for 0.3333333333333333 min under its 2-CPU cap; cap lifted to 6 CPUs
2026-10-08T18:15:54.379Z idle phase=observing NanoCpus=6000000000 ACTION lift 6
--- final phase=observing NanoCpus=6000000000 penaltyCount=1 penalizedMs=22020
