=== Start Command Log ===
Execution ID: 73eb6161-bba2-4f61-aff2-e67f3efcfbdd
Timestamp: 2026-09-15 22:19:40.176
Command: gate='/tmp/hive-mind-disk-baseline-45ee6a19-84af-4b45-b771-d1295e97a969'; i=0; while [ ! -e "$gate" ] && [ "$i" -lt 300 ]; do i=$((i+1)); sleep 0.1; done; rm -f "$gate"; echo WORKLOAD_STARTED; sleep 300
Environment: docker
Mode: detached
Session: 45ee6a19-84af-4b45-b771-d1295e97a969
Image: alpine:3.20
Platform: linux
Node Version: v26.3.0
Working Directory: /tmp/gh-issue-solver-1789509892930
==================================================

Command started in detached docker container: 45ee6a19-84af-4b45-b771-d1295e97a969
Container ID: 81f7125a7d66
Container will exit automatically after command completes.
Container will be removed after successful completion.
Container will be kept if the command fails or Docker reports OOMKilled.
Remove when done: docker rm -f 45ee6a19-84af-4b45-b771-d1295e97a969
Attach with: $ --attach 45ee6a19-84af-4b45-b771-d1295e97a969 (or docker attach 45ee6a19-84af-4b45-b771-d1295e97a969)
View logs: docker logs 45ee6a19-84af-4b45-b771-d1295e97a969
Live log: /tmp/start-command/logs/isolation/docker/73eb6161-bba2-4f61-aff2-e67f3efcfbdd.log

Container kept for investigation: 45ee6a19-84af-4b45-b771-d1295e97a969
Reason: exitCode=137 oomKilled=false
Re-enter while running: $ --attach 45ee6a19-84af-4b45-b771-d1295e97a969
Continue the stored command: $ --resume 45ee6a19-84af-4b45-b771-d1295e97a969
Run another command in the same container: $ --resume 45ee6a19-84af-4b45-b771-d1295e97a969 -- <command>
Remove when done: docker rm -f 45ee6a19-84af-4b45-b771-d1295e97a969

==================================================
Finished: 2026-09-15 22:19:48.189
Exit Code: 137
