
📦 REPOSITORY MODE: https://github.com/o/r
   Collecting all open issues to combine them into a single issue...
   Open issues found:        2
   Attached as sub-issues:   2 (limit 100)

📝 Creating the combined issue...
   Then attaching 2 issue(s) as sub-issues, one request per second to stay clear of GitHub's secondary rate limit...
✅ Created combined issue: https://github.com/o/r/issues/42
   Sub-issues attached: 2/2
   Continuing with the normal /solve flow for that issue.


--- result ---
issueUrl: https://github.com/o/r/issues/42
argvOverrides: {"deep-analysis":true,"deepAnalysis":true,"ensure-all-sub-issues-addressed":true,"ensureAllSubIssuesAddressed":true}
attached: [ 5, 7 ]

--- combined issue body ---
<!-- hive-mind-solve-repository-mode -->

## Objective

Address every open issue listed below in [o/r](https://github.com/o/r) with a **single pull request**.

This issue was generated automatically by `/solve https://github.com/o/r` (repository mode, see https://github.com/link-assistant/hive-mind/issues/2212). Every issue below is attached to this issue as a GitHub native sub-issue.

## Scope

- Open issues found in the repository: 2
- Issues attached as sub-issues of this issue: 2
- GitHub sub-issue limit per parent issue: 100

## Issues to address

- [ ] #5 Oldest bug — opened 2024-01-01
- [ ] #7 Newer feature — opened 2024-02-01

## Requirements

1. Read every issue listed above (including its comments) and fully implement what it asks for.
2. Do all of the work in this single pull request. Do not defer any listed issue to a follow-up pull request.
3. The pull request description **must** close this issue and **every** issue listed above, so that merging the pull request closes all of them at once.
4. GitHub requires the full closing syntax for each issue: one keyword per issue. `Fixes #1, #2` only closes `#1`. Use the block below verbatim (plus `Fixes #<this issue>` for this issue).
5. If an issue turns out to be already resolved or not reproducible, say so explicitly in the pull request description — but still keep its closing reference so it is closed on merge.

## Required closing references in the pull request description

```
Fixes #5
Fixes #7
```


--- gh calls ---
gh api repos/o/r/issues?state=open&sort=created&direction=asc&per_page=100 --paginate
gh issue create --repo o/r --title Address all 2 open issues in o/r --body-file /tmp/hive-mind-task-issue-XFgQVc/body.md --label enhancement
gh api -X POST repos/o/r/issues/42/sub_issues -H Accept: application/vnd.github+json -H X-GitHub-Api-Version: 2026-03-10 -F sub_issue_id=105
gh api -X POST repos/o/r/issues/42/sub_issues -H Accept: application/vnd.github+json -H X-GitHub-Api-Version: 2026-03-10 -F sub_issue_id=107

✅ experiment finished
