[2026-09-03T07:40:26.941Z] [INFO] ✅ No fork conflict:         Safe to proceed
[2026-09-03T07:40:27.587Z] [STDOUT] {"name":"G-Ivan-A-hybrid-Intelligence-lab"}
[2026-09-03T07:40:27.611Z] [INFO] ✅ Fork exists:              konard/G-Ivan-A-hybrid-Intelligence-lab
[2026-09-03T07:40:27.615Z] [INFO] 🔍 Validating fork parent... 
[2026-09-03T07:40:28.778Z] [STDOUT] {"fork":true,"parent":"G-Ivan-A/hybrid-Intelligence-lab","source":"G-Ivan-A/hybrid-Intelligence-lab"}
[2026-09-03T07:40:28.792Z] [INFO] ✅ Fork parent validated:    G-Ivan-A/hybrid-Intelligence-lab
[2026-09-03T07:40:28.802Z] [INFO] 
[2026-09-03T07:40:28.802Z] [INFO] 📥 Cloning repository:       konard/G-Ivan-A-hybrid-Intelligence-lab
[2026-09-03T07:40:29.494Z] [STDOUT] Cloning into '/tmp/gh-issue-solver-1788421223964'...
[2026-09-03T07:40:29.854Z] [STDOUT] fatal: remote error: GitHub is temporarily limiting some unauthenticated downloads to protect the stability of the platform. Please retry later or authenticate.
[2026-09-03T07:40:29.894Z] [STDOUT] failed to run git: exit status 128
[2026-09-03T07:40:29.922Z] [INFO] ⚠️ Clone failed:             Unknown error
[2026-09-03T07:40:29.926Z] [INFO] ⏳ Retrying:                 Waiting 2s before attempt 2/3...
[2026-09-03T07:40:31.980Z] [INFO] ⏳ Clone attempt:            2/3 (with retry logic)
[2026-09-03T07:40:33.230Z] [STDOUT] Cloning into '/tmp/gh-issue-solver-1788421223964'...
[2026-09-03T07:40:33.513Z] [STDOUT] fatal: remote error: GitHub is temporarily limiting some unauthenticated downloads to protect the stability of the platform. Please retry later or authenticate.
[2026-09-03T07:40:33.516Z] [STDOUT] failed to run git: exit status 128
[2026-09-03T07:40:33.531Z] [INFO] ⚠️ Clone failed:             Unknown error
[2026-09-03T07:40:33.536Z] [INFO] ⏳ Retrying:                 Waiting 4s before attempt 3/3...
[2026-09-03T07:40:37.548Z] [INFO] ⏳ Clone attempt:            3/3 (with retry logic)
[2026-09-03T07:40:38.295Z] [STDOUT] Cloning into '/tmp/gh-issue-solver-1788421223964'...
[2026-09-03T07:40:38.618Z] [STDOUT] failed to run git: exit status 128
[2026-09-03T07:40:38.616Z] [STDOUT] fatal: remote error: GitHub is temporarily limiting some unauthenticated downloads to protect the stability of the platform. Please retry later or authenticate.
[2026-09-03T07:40:38.645Z] [INFO] 
[2026-09-03T07:40:38.663Z] [ERROR] ❌ CLONE FAILED              
[2026-09-03T07:40:38.685Z] [INFO] 
[2026-09-03T07:40:38.700Z] [INFO]   🔍 What happened:
[2026-09-03T07:40:38.707Z] [INFO]      Failed to clone repository konard/G-Ivan-A-hybrid-Intelligence-lab
[2026-09-03T07:40:38.710Z] [INFO]      Error type: Unknown error (max retries exceeded)
[2026-09-03T07:40:38.715Z] [INFO] 
[2026-09-03T07:40:38.717Z] [INFO]   📦 Error details:
[2026-09-03T07:40:38.728Z] [INFO]      Cloning into '/tmp/gh-issue-solver-1788421223964'...
[2026-09-03T07:40:38.755Z] [INFO]      fatal: remote error: GitHub is temporarily limiting some unauthenticated downloads to protect the stability of the platform. Please retry later or authenticate.
[2026-09-03T07:40:38.757Z] [INFO]      failed to run git: exit status 128
[2026-09-03T07:40:38.763Z] [INFO] 
[2026-09-03T07:40:38.766Z] [INFO]   💡 Common causes:
[2026-09-03T07:40:38.770Z] [INFO]      • Repository doesn't exist or is private
[2026-09-03T07:40:38.776Z] [INFO]      • No GitHub authentication
[2026-09-03T07:40:38.779Z] [INFO]      • Network connectivity issues
[2026-09-03T07:40:38.787Z] [INFO]      • Fork not ready yet (try again in a moment)
[2026-09-03T07:40:38.802Z] [INFO] 
[2026-09-03T07:40:38.812Z] [INFO]   🔧 How to fix:
[2026-09-03T07:40:38.825Z] [INFO]      1. Check authentication: gh auth status
[2026-09-03T07:40:38.828Z] [INFO]      2. Login if needed: gh auth login
[2026-09-03T07:40:38.832Z] [INFO]      3. Verify access: gh repo view G-Ivan-A/hybrid-Intelligence-lab
[2026-09-03T07:40:38.849Z] [INFO]      4. Check fork: gh repo view konard/G-Ivan-A-hybrid-Intelligence-lab
[2026-09-03T07:40:38.856Z] [INFO] 
[2026-09-03T07:40:38.860Z] [STDERR] [use-m] use('path') joined an in-flight load (alias path-v-latest)
[2026-09-03T07:40:38.861Z] [INFO] 
[2026-09-03T07:40:38.865Z] [ERROR] ❌ Repository setup failed
[2026-09-03T07:40:38.870Z] [INFO] 📁 Full log file: /home/box/solve-2026-09-03T07-39-51-616Z.log
[2026-09-03T07:40:38.881Z] [INFO] 
[2026-09-03T07:40:38.881Z] [INFO] 📄 Notifying pull request #548 about solver failure with logs...
[2026-09-03T07:40:38.887Z] [STDERR] [use-m] use('fs') joined an in-flight load (alias fs-v-latest)
[2026-09-03T07:40:38.985Z] [STDERR] [use-m] use('https') loading (alias https-v-latest)
[2026-09-03T07:40:38.990Z] [STDERR] [use-m] use('https') loaded in 6ms
[2026-09-03T07:40:39.602Z] [INFO]   🤖 Model info fetched for comment

```

</details>

---
*Now working session is ended, feel free to review and add any feedback on the solution draft.*
