✖ the actual shared merge boundary blocks missing evidence and pins verified merges to their SHA (3913.618047ms)
ℹ tests 1
ℹ suites 0
ℹ pass 0
ℹ fail 1
ℹ cancelled 0
ℹ skipped 0
ℹ todo 0
ℹ duration_ms 6325.117773

✖ failing tests:

test at tests/issue-completion-2335.test.mjs:467:1
✖ the actual shared merge boundary blocks missing evidence and pins verified merges to their SHA (3913.618047ms)
  AssertionError [ERR_ASSERTION]: Expected values to be strictly deep-equal:
  + actual - expected
  
    [
      326,
  +   7,
  +   8
    ]
  
      at TestContext.<anonymous> (file:///tmp/gh-issue-solver-1790767368526/tests/issue-completion-2335.test.mjs:494:12)
      at async Test.run (node:internal/test_runner/test:1409:7)
      at async startSubtestAfterBootstrap (node:internal/test_runner/harness:387:3) {
    generatedMessage: true,
    code: 'ERR_ASSERTION',
    actual: [ 326, 7, 8 ],
    expected: [ 326 ],
    operator: 'deepStrictEqual',
    diff: 'simple'
  }
