
=== pulling the starting release ghcr.io/link-assistant/formal-ai:0.345.0 ===

=== idle update to ghcr.io/link-assistant/formal-ai:latest ===
⬇️ Checking for a newer Formal AI image (ghcr.io/link-assistant/formal-ai:latest)
🛑 Formal AI sidecar stopped (updating the Formal AI image); memory volume 'hive-mind-formal-ai-memory' preserved
[VERBOSE] formal-ai-sidecar: removed container=false network='hive-mind-formal-ai'
[VERBOSE] formal-ai-sidecar: created volume 'hive-mind-formal-ai-memory'
[VERBOSE] formal-ai-updater: no memory migration required (schema none, state missing)
[VERBOSE] formal-ai-sidecar: created internal network 'hive-mind-formal-ai'
[VERBOSE] formal-ai-sidecar: 'hive-mind-formal-ai' healthy after 5 probe(s) (version=0.347.0, memory schema=unknown)
✅ Formal AI updated to 0.347.0; the sidecar stays stopped until a Formal AI task needs it
{
  "status": "updated",
  "image": "ghcr.io/link-assistant/formal-ai:latest",
  "digest": "sha256:e4aeffa3d89ac3f994988b41150497019da365d993bc5a548faa072e49f22e82",
  "version": "0.347.0",
  "memorySchemaVersion": null
}

=== the next task acquires a sidecar ===
[VERBOSE] formal-ai-image: using 'ghcr.io/link-assistant/formal-ai:0.345.0' (published-image) already present locally, digest=sha256:6417ddeb215304d17d30f5300a187bfc16a4bbd7b74f586449f8fa8b2325d369
[VERBOSE] formal-ai-sidecar: created internal network 'hive-mind-formal-ai'
🧠 Starting the Formal AI sidecar (ghcr.io/link-assistant/formal-ai:0.345.0, published-image) on the internal network 'hive-mind-formal-ai'
[VERBOSE] formal-ai-sidecar: 'hive-mind-formal-ai' healthy after 5 probe(s) (version=0.345.0, memory schema=unknown)
[VERBOSE] formal-ai-sidecar: lease 'issue-2209-evidence-a' acquired (1 active), image=ghcr.io/link-assistant/formal-ai:0.345.0 (published-image), digest=sha256:6417ddeb215304d17d30f5300a187bfc16a4bbd7b74f586449f8fa8b2325d369, address=172.19.0.2, formal-ai=0.345.0, memory schema=unknown
{
  "imageSource": "published-image",
  "leaseDigest": "sha256:6417ddeb215304d17d30f5300a187bfc16a4bbd7b74f586449f8fa8b2325d369",
  "dockerReportsDigest": "sha256:6417ddeb215304d17d30f5300a187bfc16a4bbd7b74f586449f8fa8b2325d369",
  "baseUrl": "http://172.19.0.2:8080",
  "probedVersion": "0.345.0",
  "probedMemorySchema": null
}
node:internal/modules/run_main:123
    triggerUncaughtException(
    ^

AssertionError [ERR_ASSERTION]: the accepted image is what the next task leased
+ actual - expected

+ 'sha256:6417ddeb215304d17d30f5300a187bfc16a4bbd7b74f586449f8fa8b2325d369'
- 'sha256:e4aeffa3d89ac3f994988b41150497019da365d993bc5a548faa072e49f22e82'
    at file:///tmp/hive-prefix-2209/experiments/issue-2209/real-image-evidence.mjs:96:12
    at process.processTicksAndRejections (node:internal/process/task_queues:95:5) {
  generatedMessage: false,
  code: 'ERR_ASSERTION',
  actual: 'sha256:6417ddeb215304d17d30f5300a187bfc16a4bbd7b74f586449f8fa8b2325d369',
  expected: 'sha256:e4aeffa3d89ac3f994988b41150497019da365d993bc5a548faa072e49f22e82',
  operator: 'strictEqual'
}

Node.js v20.20.2
