=== BEFORE THE FIX (commit 559c9801, reproductions only, no fix) ===

--- issue #2207 reproduction ---
{
  "updateStatus": "updated",
  "updatedVersion": "0.346.0",
  "updatedDigest": "sha256:new",
  "taskImage": "ghcr.io/link-assistant/formal-ai:0.345.0",
  "taskVersion": "0.345.0",
  "taskDigest": "sha256:old"
}
node:internal/modules/run_main:123
    triggerUncaughtException(
    ^

AssertionError [ERR_ASSERTION]: the next task must consume the successfully verified update
+ actual - expected

+ 'sha256:old'
- 'sha256:new'
          ^
    at file:///tmp/prefix-2209/experiments/issue-2209/reproduce-update-acquire.mjs:30:10 {
  generatedMessage: false,
  code: 'ERR_ASSERTION',
  actual: 'sha256:old',
  expected: 'sha256:new',
  operator: 'strictEqual'
}

Node.js v20.20.2
(exit 1)

--- issue #2208 reproduction ---
🧠 Formal AI: version 0.339.1 (minimum 0.336.0)
🧠 Formal AI: using the configured server http://127.0.0.1:41613
{
  "localWrapperVersion": "0.339.1",
  "actualServerVersion": "0.346.0",
  "reportedRuntimeVersion": "0.339.1",
  "serverRequests": 0
}
node:internal/modules/run_main:123
    triggerUncaughtException(
    ^

AssertionError [ERR_ASSERTION]: remote model provenance must identify the server that answers the request
+ actual - expected

+ '0.339.1'
- '0.346.0'
      ^
    at file:///tmp/prefix-2209/experiments/issue-2209/reproduce-server-version.mjs:32:10 {
  generatedMessage: false,
  code: 'ERR_ASSERTION',
  actual: '0.339.1',
  expected: '0.346.0',
  operator: 'strictEqual'
}

Node.js v20.20.2
(exit 1)
