Log file: 4b54d1b8-64c5-4128-ad86-232167bf45e9.log

=== Start Command Log ===
Execution ID: 4b54d1b8-64c5-4128-ad86-232167bf45e9
Timestamp: 2026-07-28 20:04:27.894
Command: gate='/tmp/hive-mind-disk-baseline-ae524eb3-30b2-44d5-8ece-0ce0a23875d4'; i=0; while [ ! -e "$gate" ] && [ "$i" -lt 300 ]; do i=$((i+1)); sleep 0.1; done; rm -f "$gate"; exec 'fix' 'https://github.com/link-assistant/formal-ai' '--ci-cd' '--attach-logs' '--verbose' '--no-tool-check' '--disable-report-issue' '--language' 'en'
Environment: docker
Mode: detached
Session: ae524eb3-30b2-44d5-8ece-0ce0a23875d4
Image: konard/hive-mind-dind:2.10.2
Platform: linux
Node Version: v24.3.0
Working Directory: /home/box
==================================================

Command started in detached docker container: ae524eb3-30b2-44d5-8ece-0ce0a23875d4
Container ID: 74e3ab624292
Container will exit automatically after command completes.
Container will be removed after successful completion.
Container will be kept if the command fails or Docker reports OOMKilled.
Remove when done: docker rm -f ae524eb3-30b2-44d5-8ece-0ce0a23875d4
Attach with: docker attach ae524eb3-30b2-44d5-8ece-0ce0a23875d4
View logs: docker logs ae524eb3-30b2-44d5-8ece-0ce0a23875d4
Live log: /tmp/start-command/logs/isolation/docker/4b54d1b8-64c5-4128-ad86-232167bf45e9.log
[dind-entrypoint] Starting dockerd (storage-driver=fuse-overlayfs, data-root=/var/lib/docker)
[dind-entrypoint] dockerd is ready after 1s
[dind-entrypoint] image preload/passthrough complete
🔧 /fix --ci-cd for link-assistant/formal-ai
   Default branch: main
   Latest commit:  67c3656
   CI/CD runs:     6 (1 not passing)

📝 Creating remediation issue...
❌ Error: Failed to remove corrupt npm alias '/home/box/.nvm/versions/node/v20.20.2/lib/node_modules/command-stream-v-latest'.
   Caused by: Error: ENOTEMPTY: directory not empty, rmdir '/home/box/.nvm/versions/node/v20.20.2/lib/node_modules/command-stream-v-latest/examples' (code: ENOTEMPTY)

Container kept for investigation: ae524eb3-30b2-44d5-8ece-0ce0a23875d4
Reason: exitCode=1 oomKilled=false
Inspect: docker exec -it ae524eb3-30b2-44d5-8ece-0ce0a23875d4 sh (if running) or docker start -ai ae524eb3-30b2-44d5-8ece-0ce0a23875d4
Remove when done: docker rm -f ae524eb3-30b2-44d5-8ece-0ce0a23875d4

==================================================
Finished: 2026-07-28 20:04:52.316
Exit Code: 1
