Log file: eddec03a-d3c9-4660-bd86-2f6f5b5830c3.log

=== Start Command Log ===
Execution ID: eddec03a-d3c9-4660-bd86-2f6f5b5830c3
Timestamp: 2026-07-28 15:28:19.611
Command: gate='/tmp/hive-mind-disk-baseline-4e2e9f74-3be0-480f-bc2c-7c6cd8ffb978'; i=0; while [ ! -e "$gate" ] && [ "$i" -lt 300 ]; do i=$((i+1)); sleep 0.1; done; rm -f "$gate"; exec 'fix' 'https://github.com/link-assistant/formal-ai' '--ci-cd' '--attach-logs' '--verbose' '--no-tool-check' '--disable-report-issue' '--language' 'en'
Environment: docker
Mode: detached
Session: 4e2e9f74-3be0-480f-bc2c-7c6cd8ffb978
Image: konard/hive-mind-dind:2.10.2
Platform: linux
Node Version: v24.3.0
Working Directory: /home/box
==================================================

Command started in detached docker container: 4e2e9f74-3be0-480f-bc2c-7c6cd8ffb978
Container ID: e3ed68e04029
Container will exit automatically after command completes.
Container will be removed after successful completion.
Container will be kept if the command fails or Docker reports OOMKilled.
Remove when done: docker rm -f 4e2e9f74-3be0-480f-bc2c-7c6cd8ffb978
Attach with: docker attach 4e2e9f74-3be0-480f-bc2c-7c6cd8ffb978
View logs: docker logs 4e2e9f74-3be0-480f-bc2c-7c6cd8ffb978
Live log: /tmp/start-command/logs/isolation/docker/eddec03a-d3c9-4660-bd86-2f6f5b5830c3.log
[dind-entrypoint] Starting dockerd (storage-driver=fuse-overlayfs, data-root=/var/lib/docker)
[dind-entrypoint] dockerd is ready after 0s
[dind-entrypoint] image preload/passthrough complete
🔧 /fix --ci-cd for link-assistant/formal-ai
   Default branch: main
   Latest commit:  67c3656
   CI/CD runs:     3 (1 not passing)

📝 Creating remediation issue...
❌ Error: Failed to import module from '/home/box/.nvm/versions/node/v20.20.2/lib/node_modules/command-stream-v-latest/src/$.mjs'.
   Caused by: Error: Cannot find module '/home/box/.nvm/versions/node/v20.20.2/lib/node_modules/command-stream-v-latest/src/terminal-capture.mjs' imported from /home/box/.nvm/versions/node/v20.20.2/lib/node_modules/command-stream-v-latest/src/$.mjs (code: ERR_MODULE_NOT_FOUND)

Container kept for investigation: 4e2e9f74-3be0-480f-bc2c-7c6cd8ffb978
Reason: exitCode=1 oomKilled=false
Inspect: docker exec -it 4e2e9f74-3be0-480f-bc2c-7c6cd8ffb978 sh (if running) or docker start -ai 4e2e9f74-3be0-480f-bc2c-7c6cd8ffb978
Remove when done: docker rm -f 4e2e9f74-3be0-480f-bc2c-7c6cd8ffb978

==================================================
Finished: 2026-07-28 15:28:34.779
Exit Code: 1
