=== Start Command Log ===
Execution ID: 09c55c81-ba1d-4852-b602-8979c7625ee4
Timestamp: 2026-07-31 05:20:41.404
Command: gate='/tmp/hive-mind-disk-baseline-d4650316-1d58-4fa0-8ebc-9be84092ccb7'; i=0; while [ ! -e "$gate" ] && [ "$i" -lt 300 ]; do i=$((i+1)); sleep 0.1; done; rm -f "$gate"; exec 'fix' 'https://github.com/link-assistant/agent' '--ci-cd' '--attach-logs' '--verbose' '--no-tool-check' '--disable-report-issue' '--language' 'en'
Environment: docker
Mode: detached
Session: d4650316-1d58-4fa0-8ebc-9be84092ccb7
Image: konard/hive-mind-dind:2.10.2
Platform: linux
Node Version: v24.3.0
Working Directory: /home/box
==================================================

Command started in detached docker container: d4650316-1d58-4fa0-8ebc-9be84092ccb7
Container ID: b0da2592c9c3
Container will exit automatically after command completes.
Container will be removed after successful completion.
Container will be kept if the command fails or Docker reports OOMKilled.
Remove when done: docker rm -f d4650316-1d58-4fa0-8ebc-9be84092ccb7
Attach with: docker attach d4650316-1d58-4fa0-8ebc-9be84092ccb7
View logs: docker logs d4650316-1d58-4fa0-8ebc-9be84092ccb7
Live log: /tmp/start-command/logs/isolation/docker/09c55c81-ba1d-4852-b602-8979c7625ee4.log
[dind-entrypoint] Starting dockerd (storage-driver=fuse-overlayfs, data-root=/var/lib/docker)
[dind-entrypoint] dockerd is ready after 1s
[dind-entrypoint] image preload/passthrough complete
🔧 /fix --ci-cd for link-assistant/agent
   Default branch: main
   Latest commit:  fd42c4b
   CI/CD runs:     20 (9 not passing) [recent branch runs]

📝 Creating remediation issue...
❌ Error: Failed to import module from 'file:///home/box/.nvm/versions/node/v20.20.2/lib/node_modules/command-stream-v-latest/src/$.mjs?use-m-retry=1'.
   Caused by: Error: Cannot find module '/home/box/.nvm/versions/node/v20.20.2/lib/node_modules/command-stream-v-latest/src/shell-parser.mjs' imported from /home/box/.nvm/versions/node/v20.20.2/lib/node_modules/command-stream-v-latest/src/$.process-runner-execution.mjs (code: ERR_MODULE_NOT_FOUND)

Container kept for investigation: d4650316-1d58-4fa0-8ebc-9be84092ccb7
Reason: exitCode=1 oomKilled=false
Inspect: docker exec -it d4650316-1d58-4fa0-8ebc-9be84092ccb7 sh (if running) or docker start -ai d4650316-1d58-4fa0-8ebc-9be84092ccb7
Remove when done: docker rm -f d4650316-1d58-4fa0-8ebc-9be84092ccb7

==================================================
Finished: 2026-07-31 05:21:08.662
Exit Code: 1
