Log file: b768891e-103f-4671-95b7-b875880cbc21.log

=== Start Command Log ===
Execution ID: b768891e-103f-4671-95b7-b875880cbc21
Timestamp: 2026-07-28 16:57:01.840
Command: gate='/tmp/hive-mind-disk-baseline-d3d1ae87-f700-49d5-8216-3ca953165ed4'; i=0; while [ ! -e "$gate" ] && [ "$i" -lt 300 ]; do i=$((i+1)); sleep 0.1; done; rm -f "$gate"; exec 'fix' 'https://github.com/link-assistant/formal-ai' '--ci-cd' '--attach-logs' '--verbose' '--no-tool-check' '--disable-report-issue' '--language' 'en'
Environment: docker
Mode: detached
Session: d3d1ae87-f700-49d5-8216-3ca953165ed4
Image: konard/hive-mind-dind:2.10.2
Platform: linux
Node Version: v24.3.0
Working Directory: /home/box
==================================================

Command started in detached docker container: d3d1ae87-f700-49d5-8216-3ca953165ed4
Container ID: 9b4900cd9660
Container will exit automatically after command completes.
Container will be removed after successful completion.
Container will be kept if the command fails or Docker reports OOMKilled.
Remove when done: docker rm -f d3d1ae87-f700-49d5-8216-3ca953165ed4
Attach with: docker attach d3d1ae87-f700-49d5-8216-3ca953165ed4
View logs: docker logs d3d1ae87-f700-49d5-8216-3ca953165ed4
Live log: /tmp/start-command/logs/isolation/docker/b768891e-103f-4671-95b7-b875880cbc21.log
[dind-entrypoint] Starting dockerd (storage-driver=fuse-overlayfs, data-root=/var/lib/docker)
[dind-entrypoint] dockerd is ready after 1s
[dind-entrypoint] image preload/passthrough complete
🔧 /fix --ci-cd for link-assistant/formal-ai
   Default branch: main
   Latest commit:  67c3656
   CI/CD runs:     6 (1 not passing)

📝 Creating remediation issue...
❌ Error: Failed to import module from '/home/box/.nvm/versions/node/v20.20.2/lib/node_modules/command-stream-v-latest/src/$.mjs'.
   Caused by: Error: Cannot find module '/home/box/.nvm/versions/node/v20.20.2/lib/node_modules/command-stream-v-latest/src/$.trace.mjs' imported from /home/box/.nvm/versions/node/v20.20.2/lib/node_modules/command-stream-v-latest/src/$.mjs (code: ERR_MODULE_NOT_FOUND)

Container kept for investigation: d3d1ae87-f700-49d5-8216-3ca953165ed4
Reason: exitCode=1 oomKilled=false
Inspect: docker exec -it d3d1ae87-f700-49d5-8216-3ca953165ed4 sh (if running) or docker start -ai d3d1ae87-f700-49d5-8216-3ca953165ed4
Remove when done: docker rm -f d3d1ae87-f700-49d5-8216-3ca953165ed4

==================================================
Finished: 2026-07-28 16:57:26.321
Exit Code: 1
